src/app/merchant/page.tsx(307,29): error TS18047: 'user' is possibly 'null'.
